// Jest Snapshot v1, https://goo.gl/fbAQLP

exports[`Popover renders snapshot 1`] = `
<button
  aria-haspopup="true"
  onMouseOut={[Function]}
  onMouseOver={[Function]}
>
  Button
</button>
`;
